=== msgraph-ctx2048 ===
[rank0]:W0914 23:57:51.541000 139900880405504 torch/fx/experimental/symbolic_shapes.py:4449] [1/0] ps0 is not in var_ranges, defaulting to unknown range.
[rank0]:W0914 23:57:51.664000 139900880405504 torch/fx/experimental/symbolic_shapes.py:4449] [1/0] ps1 is not in var_ranges, defaulting to unknown range.
[rank0]:W0914 23:58:22.346000 139900880405504 torch/fx/experimental/symbolic_shapes.py:4449] [1/1] xindex is not in var_ranges, defaulting to unknown range.
[rank0]:W0914 23:58:22.400000 139900880405504 torch/fx/experimental/symbolic_shapes.py:4449] [1/1] xindex is not in var_ranges, defaulting to unknown range.
[rank0]:W0914 23:58:46.175000 139900880405504 torch/fx/experimental/symbolic_shapes.py:4449] [1/2] ps0 is not in var_ranges, defaulting to unknown range.
[rank0]:W0914 23:58:46.300000 139900880405504 torch/fx/experimental/symbolic_shapes.py:4449] [1/2] ps1 is not in var_ranges, defaulting to unknown range.
[rank0]:W0914 23:59:16.661000 139900880405504 torch/fx/experimental/symbolic_shapes.py:4449] [1/3] ps0 is not in var_ranges, defaulting to unknown range.
[rank0]:W0914 23:59:16.760000 139900880405504 torch/fx/experimental/symbolic_shapes.py:4449] [1/3] ps1 is not in var_ranges, defaulting to unknown range.
measured 6/6 cells
WARNING: this run used a narrowed grid, so it is a plumbing check and not the pre-registered GATE A measurement
payload_sha256 f86b5172a14582be1f51e0de4c8388aecd81cc4f5a3942888da0d9879c22a556
=== msgraph-ctx8192 ===
[rank0]:W0915 00:00:57.116000 140036010992640 torch/fx/experimental/symbolic_shapes.py:4449] [1/0] ps0 is not in var_ranges, defaulting to unknown range.
[rank0]:W0915 00:00:57.232000 140036010992640 torch/fx/experimental/symbolic_shapes.py:4449] [1/0] ps1 is not in var_ranges, defaulting to unknown range.
[rank0]:W0915 00:01:27.328000 140036010992640 torch/fx/experimental/symbolic_shapes.py:4449] [1/1] xindex is not in var_ranges, defaulting to unknown range.
[rank0]:W0915 00:01:27.387000 140036010992640 torch/fx/experimental/symbolic_shapes.py:4449] [1/1] xindex is not in var_ranges, defaulting to unknown range.
[rank0]:W0915 00:01:50.261000 140036010992640 torch/fx/experimental/symbolic_shapes.py:4449] [1/2] ps0 is not in var_ranges, defaulting to unknown range.
[rank0]:W0915 00:01:50.384000 140036010992640 torch/fx/experimental/symbolic_shapes.py:4449] [1/2] ps1 is not in var_ranges, defaulting to unknown range.
[rank0]:W0915 00:02:22.912000 140036010992640 torch/fx/experimental/symbolic_shapes.py:4449] [1/3] ps0 is not in var_ranges, defaulting to unknown range.
[rank0]:W0915 00:02:23.018000 140036010992640 torch/fx/experimental/symbolic_shapes.py:4449] [1/3] ps1 is not in var_ranges, defaulting to unknown range.
measured 5/5 cells
WARNING: this run used a narrowed grid, so it is a plumbing check and not the pre-registered GATE A measurement
payload_sha256 f1e383406eb95a514d49e68bcc188e75ee300e8e46626a9b26ba2f80c39ba37c
