=== msgraph-ctx8192 ===
[rank0]:W0914 20:09:45.485000 140302953047040 torch/fx/experimental/symbolic_shapes.py:4449] [1/0] ps0 is not in var_ranges, defaulting to unknown range.
[rank0]:W0914 20:09:45.605000 140302953047040 torch/fx/experimental/symbolic_shapes.py:4449] [1/0] ps1 is not in var_ranges, defaulting to unknown range.
[rank0]:W0914 20:10:16.775000 140302953047040 torch/fx/experimental/symbolic_shapes.py:4449] [1/1] xindex is not in var_ranges, defaulting to unknown range.
[rank0]:W0914 20:10:16.829000 140302953047040 torch/fx/experimental/symbolic_shapes.py:4449] [1/1] xindex is not in var_ranges, defaulting to unknown range.
[rank0]:W0914 20:10:40.347000 140302953047040 torch/fx/experimental/symbolic_shapes.py:4449] [1/2] ps0 is not in var_ranges, defaulting to unknown range.
[rank0]:W0914 20:10:40.467000 140302953047040 torch/fx/experimental/symbolic_shapes.py:4449] [1/2] ps1 is not in var_ranges, defaulting to unknown range.
[rank0]:W0914 20:11:12.505000 140302953047040 torch/fx/experimental/symbolic_shapes.py:4449] [1/3] ps0 is not in var_ranges, defaulting to unknown range.
[rank0]:W0914 20:11:12.600000 140302953047040 torch/fx/experimental/symbolic_shapes.py:4449] [1/3] ps1 is not in var_ranges, defaulting to unknown range.
measured 6/6 cells
WARNING: this run used a narrowed grid, so it is a plumbing check and not the pre-registered GATE A measurement
payload_sha256 eecf320a8d2460e5cdd82829a02262f89fc013ac0cb98b9880f5e04c6596ec71
=== msgraph-ctx16384 ===
[rank0]:W0914 20:12:20.805000 139787373052928 torch/fx/experimental/symbolic_shapes.py:4449] [1/0] ps0 is not in var_ranges, defaulting to unknown range.
[rank0]:W0914 20:12:20.925000 139787373052928 torch/fx/experimental/symbolic_shapes.py:4449] [1/0] ps1 is not in var_ranges, defaulting to unknown range.
[rank0]:W0914 20:12:51.740000 139787373052928 torch/fx/experimental/symbolic_shapes.py:4449] [1/1] xindex is not in var_ranges, defaulting to unknown range.
[rank0]:W0914 20:12:51.793000 139787373052928 torch/fx/experimental/symbolic_shapes.py:4449] [1/1] xindex is not in var_ranges, defaulting to unknown range.
[rank0]:W0914 20:13:14.982000 139787373052928 torch/fx/experimental/symbolic_shapes.py:4449] [1/2] ps0 is not in var_ranges, defaulting to unknown range.
[rank0]:W0914 20:13:15.107000 139787373052928 torch/fx/experimental/symbolic_shapes.py:4449] [1/2] ps1 is not in var_ranges, defaulting to unknown range.
[rank0]:W0914 20:13:49.138000 139787373052928 torch/fx/experimental/symbolic_shapes.py:4449] [1/3] ps0 is not in var_ranges, defaulting to unknown range.
[rank0]:W0914 20:13:49.238000 139787373052928 torch/fx/experimental/symbolic_shapes.py:4449] [1/3] ps1 is not in var_ranges, defaulting to unknown range.
measured 5/5 cells
WARNING: this run used a narrowed grid, so it is a plumbing check and not the pre-registered GATE A measurement
payload_sha256 582603bc855ff3f9ec003ed156c74f8bd271e8edb407217d9691b4ea97c0fedb
=== msgraph-ctx32768 ===
[rank0]:W0914 20:14:59.403000 139707725849600 torch/fx/experimental/symbolic_shapes.py:4449] [1/0] ps0 is not in var_ranges, defaulting to unknown range.
[rank0]:W0914 20:14:59.525000 139707725849600 torch/fx/experimental/symbolic_shapes.py:4449] [1/0] ps1 is not in var_ranges, defaulting to unknown range.
[rank0]:W0914 20:15:30.306000 139707725849600 torch/fx/experimental/symbolic_shapes.py:4449] [1/1] xindex is not in var_ranges, defaulting to unknown range.
[rank0]:W0914 20:15:30.361000 139707725849600 torch/fx/experimental/symbolic_shapes.py:4449] [1/1] xindex is not in var_ranges, defaulting to unknown range.
[rank0]:W0914 20:15:53.550000 139707725849600 torch/fx/experimental/symbolic_shapes.py:4449] [1/2] ps0 is not in var_ranges, defaulting to unknown range.
[rank0]:W0914 20:15:53.688000 139707725849600 torch/fx/experimental/symbolic_shapes.py:4449] [1/2] ps1 is not in var_ranges, defaulting to unknown range.
[rank0]:W0914 20:16:33.173000 139707725849600 torch/fx/experimental/symbolic_shapes.py:4449] [1/3] ps0 is not in var_ranges, defaulting to unknown range.
[rank0]:W0914 20:16:33.270000 139707725849600 torch/fx/experimental/symbolic_shapes.py:4449] [1/3] ps1 is not in var_ranges, defaulting to unknown range.
measured 4/4 cells
WARNING: this run used a narrowed grid, so it is a plumbing check and not the pre-registered GATE A measurement
payload_sha256 aed48d2d1d9b9fe928cd3c08283e03755c652e0458c4cec534c289b1f90251ad
=== msgraph-ctx40448 ===
[rank0]:W0914 20:17:47.442000 140142420632576 torch/fx/experimental/symbolic_shapes.py:4449] [1/0] ps0 is not in var_ranges, defaulting to unknown range.
[rank0]:W0914 20:17:47.591000 140142420632576 torch/fx/experimental/symbolic_shapes.py:4449] [1/0] ps1 is not in var_ranges, defaulting to unknown range.
[rank0]:W0914 20:18:20.234000 140142420632576 torch/fx/experimental/symbolic_shapes.py:4449] [1/1] xindex is not in var_ranges, defaulting to unknown range.
[rank0]:W0914 20:18:20.290000 140142420632576 torch/fx/experimental/symbolic_shapes.py:4449] [1/1] xindex is not in var_ranges, defaulting to unknown range.
[rank0]:W0914 20:18:45.289000 140142420632576 torch/fx/experimental/symbolic_shapes.py:4449] [1/2] ps0 is not in var_ranges, defaulting to unknown range.
[rank0]:W0914 20:18:45.410000 140142420632576 torch/fx/experimental/symbolic_shapes.py:4449] [1/2] ps1 is not in var_ranges, defaulting to unknown range.
[rank0]:W0914 20:19:28.252000 140142420632576 torch/fx/experimental/symbolic_shapes.py:4449] [1/3] ps0 is not in var_ranges, defaulting to unknown range.
[rank0]:W0914 20:19:28.357000 140142420632576 torch/fx/experimental/symbolic_shapes.py:4449] [1/3] ps1 is not in var_ranges, defaulting to unknown range.
measured 3/3 cells
WARNING: this run used a narrowed grid, so it is a plumbing check and not the pre-registered GATE A measurement
payload_sha256 bba029deebaea981f4e77b1fa5df71e58ea30ab90abde68d39c179f803e5f008
