[transformers] `torch_dtype` is deprecated! Use `dtype` instead!
[rank0]:W0812 17:39:13.996000 140310828089856 torch/fx/experimental/symbolic_shapes.py:4449] [1/0] ps0 is not in var_ranges, defaulting to unknown range.
[rank0]:W0812 17:39:14.159000 140310828089856 torch/fx/experimental/symbolic_shapes.py:4449] [1/0] ps1 is not in var_ranges, defaulting to unknown range.
[rank0]:W0812 17:39:57.142000 140310828089856 torch/fx/experimental/symbolic_shapes.py:4449] [1/1] ps0 is not in var_ranges, defaulting to unknown range.
[rank0]:W0812 17:39:57.396000 140310828089856 torch/fx/experimental/symbolic_shapes.py:4449] [1/1] ps1 is not in var_ranges, defaulting to unknown range.
[rank0]:W0812 17:40:35.554000 140310828089856 torch/fx/experimental/symbolic_shapes.py:4449] [1/2] xindex is not in var_ranges, defaulting to unknown range.
[rank0]:W0812 17:40:35.612000 140310828089856 torch/fx/experimental/symbolic_shapes.py:4449] [1/2] xindex is not in var_ranges, defaulting to unknown range.
[rank0]: Traceback (most recent call last):
[rank0]:   File "/data00/home/sitian/sitian-workspace01/tllm/TinyLLMForge/tools/blockwise_speculative_verifier_worker.py", line 300, in <module>
[rank0]:     sys.exit(main())
[rank0]:              ^^^^^^
[rank0]:   File "/data00/home/sitian/sitian-workspace01/tllm/TinyLLMForge/tools/blockwise_speculative_verifier_worker.py", line 288, in main
[rank0]:     result = run_policy_cell(
[rank0]:              ^^^^^^^^^^^^^^^^
[rank0]:   File "/data00/home/sitian/sitian-workspace01/tllm/TinyLLMForge/tools/blockwise_speculative_verifier_worker.py", line 236, in run_policy_cell
[rank0]:     return validate_worker_result(result)
[rank0]:            ^^^^^^^^^^^^^^^^^^^^^^^^^^^^^^
[rank0]:   File "/data00/home/sitian/sitian-workspace01/tllm/TinyLLMForge/tools/blockwise_speculative_verifier_gate.py", line 337, in validate_worker_result
[rank0]:     raise ValueError("worker lacks real H2D movement")
[rank0]: ValueError: worker lacks real H2D movement
