=== eager-ctx8192 ===
[rank0]:W0913 18:53:59.222000 140074295768064 torch/fx/experimental/symbolic_shapes.py:4449] [1/0] ps0 is not in var_ranges, defaulting to unknown range.
[rank0]:W0913 18:53:59.348000 140074295768064 torch/fx/experimental/symbolic_shapes.py:4449] [1/0] ps1 is not in var_ranges, defaulting to unknown range.
[rank0]:W0913 18:54:31.098000 140074295768064 torch/fx/experimental/symbolic_shapes.py:4449] [1/1] ps0 is not in var_ranges, defaulting to unknown range.
[rank0]:W0913 18:54:31.222000 140074295768064 torch/fx/experimental/symbolic_shapes.py:4449] [1/1] ps1 is not in var_ranges, defaulting to unknown range.
[rank0]:W0913 18:55:01.159000 140074295768064 torch/fx/experimental/symbolic_shapes.py:4449] [1/2] xindex is not in var_ranges, defaulting to unknown range.
[rank0]:W0913 18:55:01.212000 140074295768064 torch/fx/experimental/symbolic_shapes.py:4449] [1/2] xindex is not in var_ranges, defaulting to unknown range.
measured 6/6 cells
WARNING: this run used a narrowed grid, so it is a plumbing check and not the pre-registered GATE A measurement
payload_sha256 a846b952a2255a1cafad05346c28d90c7f563856684f3212986a555b8c482b8c
=== eager-ctx16384 ===
[rank0]:W0913 18:56:26.509000 139647349818368 torch/fx/experimental/symbolic_shapes.py:4449] [1/0] ps0 is not in var_ranges, defaulting to unknown range.
[rank0]:W0913 18:56:26.626000 139647349818368 torch/fx/experimental/symbolic_shapes.py:4449] [1/0] ps1 is not in var_ranges, defaulting to unknown range.
[rank0]:W0913 18:56:57.687000 139647349818368 torch/fx/experimental/symbolic_shapes.py:4449] [1/1] ps0 is not in var_ranges, defaulting to unknown range.
[rank0]:W0913 18:56:57.815000 139647349818368 torch/fx/experimental/symbolic_shapes.py:4449] [1/1] ps1 is not in var_ranges, defaulting to unknown range.
[rank0]:W0913 18:57:27.280000 139647349818368 torch/fx/experimental/symbolic_shapes.py:4449] [1/2] xindex is not in var_ranges, defaulting to unknown range.
[rank0]:W0913 18:57:27.331000 139647349818368 torch/fx/experimental/symbolic_shapes.py:4449] [1/2] xindex is not in var_ranges, defaulting to unknown range.
measured 5/5 cells
WARNING: this run used a narrowed grid, so it is a plumbing check and not the pre-registered GATE A measurement
payload_sha256 62bf9004a613e27f573afc1535ba11f6c278e599126b429ba5d9711d658cedde
=== eager-ctx32768 ===
[rank0]:W0913 18:58:56.746000 140326227977216 torch/fx/experimental/symbolic_shapes.py:4449] [1/0] ps0 is not in var_ranges, defaulting to unknown range.
[rank0]:W0913 18:58:56.867000 140326227977216 torch/fx/experimental/symbolic_shapes.py:4449] [1/0] ps1 is not in var_ranges, defaulting to unknown range.
[rank0]:W0913 18:59:28.093000 140326227977216 torch/fx/experimental/symbolic_shapes.py:4449] [1/1] ps0 is not in var_ranges, defaulting to unknown range.
[rank0]:W0913 18:59:28.214000 140326227977216 torch/fx/experimental/symbolic_shapes.py:4449] [1/1] ps1 is not in var_ranges, defaulting to unknown range.
[rank0]:W0913 18:59:57.590000 140326227977216 torch/fx/experimental/symbolic_shapes.py:4449] [1/2] xindex is not in var_ranges, defaulting to unknown range.
[rank0]:W0913 18:59:57.644000 140326227977216 torch/fx/experimental/symbolic_shapes.py:4449] [1/2] xindex is not in var_ranges, defaulting to unknown range.
measured 4/4 cells
WARNING: this run used a narrowed grid, so it is a plumbing check and not the pre-registered GATE A measurement
payload_sha256 0bb8d3f960a1463bf2787ab1df35967cea18cec685f0f45d0bd1f7a7e06bbb87
=== eager-ctx40960 ===
[rank0]:W0913 19:01:33.955000 139944280380416 torch/fx/experimental/symbolic_shapes.py:4449] [1/0] ps0 is not in var_ranges, defaulting to unknown range.
[rank0]:W0913 19:01:34.074000 139944280380416 torch/fx/experimental/symbolic_shapes.py:4449] [1/0] ps1 is not in var_ranges, defaulting to unknown range.
measured 0/3 cells
WARNING: this run used a narrowed grid, so it is a plumbing check and not the pre-registered GATE A measurement
payload_sha256 8779c6467631e30c751c3b5c2fe7fbeafd66460841af29d188fb6a6794d8c53a
=== graph-ctx8192 ===
[rank0]:W0913 19:02:16.367000 140297164416000 torch/fx/experimental/symbolic_shapes.py:4449] [1/0] ps0 is not in var_ranges, defaulting to unknown range.
[rank0]:W0913 19:02:16.487000 140297164416000 torch/fx/experimental/symbolic_shapes.py:4449] [1/0] ps1 is not in var_ranges, defaulting to unknown range.
[rank0]:W0913 19:02:46.766000 140297164416000 torch/fx/experimental/symbolic_shapes.py:4449] [1/1] ps0 is not in var_ranges, defaulting to unknown range.
[rank0]:W0913 19:02:46.888000 140297164416000 torch/fx/experimental/symbolic_shapes.py:4449] [1/1] ps1 is not in var_ranges, defaulting to unknown range.
[rank0]:W0913 19:02:51.336000 140297164416000 torch/fx/experimental/symbolic_shapes.py:4449] [1/2] xindex is not in var_ranges, defaulting to unknown range.
[rank0]:W0913 19:02:51.387000 140297164416000 torch/fx/experimental/symbolic_shapes.py:4449] [1/2] xindex is not in var_ranges, defaulting to unknown range.
[rank0]:W0913 19:03:14.124000 140297164416000 torch/fx/experimental/symbolic_shapes.py:4449] [1/3] ps0 is not in var_ranges, defaulting to unknown range.
[rank0]:W0913 19:03:14.223000 140297164416000 torch/fx/experimental/symbolic_shapes.py:4449] [1/3] ps1 is not in var_ranges, defaulting to unknown range.
measured 6/6 cells
WARNING: this run used a narrowed grid, so it is a plumbing check and not the pre-registered GATE A measurement
payload_sha256 082e252ec5d43582e92b2968df3414de8ee72304d7a16d8e49c90210ec595f67
=== graph-ctx16384 ===
[rank0]:W0913 19:04:48.669000 139965854573568 torch/fx/experimental/symbolic_shapes.py:4449] [1/0] ps0 is not in var_ranges, defaulting to unknown range.
[rank0]:W0913 19:04:48.809000 139965854573568 torch/fx/experimental/symbolic_shapes.py:4449] [1/0] ps1 is not in var_ranges, defaulting to unknown range.
[rank0]:W0913 19:05:19.117000 139965854573568 torch/fx/experimental/symbolic_shapes.py:4449] [1/1] ps0 is not in var_ranges, defaulting to unknown range.
[rank0]:W0913 19:05:19.237000 139965854573568 torch/fx/experimental/symbolic_shapes.py:4449] [1/1] ps1 is not in var_ranges, defaulting to unknown range.
[rank0]:W0913 19:05:22.809000 139965854573568 torch/fx/experimental/symbolic_shapes.py:4449] [1/2] xindex is not in var_ranges, defaulting to unknown range.
[rank0]:W0913 19:05:22.860000 139965854573568 torch/fx/experimental/symbolic_shapes.py:4449] [1/2] xindex is not in var_ranges, defaulting to unknown range.
[rank0]:W0913 19:05:45.512000 139965854573568 torch/fx/experimental/symbolic_shapes.py:4449] [1/3] ps0 is not in var_ranges, defaulting to unknown range.
[rank0]:W0913 19:05:45.611000 139965854573568 torch/fx/experimental/symbolic_shapes.py:4449] [1/3] ps1 is not in var_ranges, defaulting to unknown range.
measured 5/5 cells
WARNING: this run used a narrowed grid, so it is a plumbing check and not the pre-registered GATE A measurement
payload_sha256 7176754a54b8103c375efda136533994871366017040676d5cd432e8b9296411
=== graph-ctx32768 ===
[rank0]:W0913 19:07:22.744000 140463056794624 torch/fx/experimental/symbolic_shapes.py:4449] [1/0] ps0 is not in var_ranges, defaulting to unknown range.
[rank0]:W0913 19:07:22.861000 140463056794624 torch/fx/experimental/symbolic_shapes.py:4449] [1/0] ps1 is not in var_ranges, defaulting to unknown range.
[rank0]:W0913 19:07:53.442000 140463056794624 torch/fx/experimental/symbolic_shapes.py:4449] [1/1] ps0 is not in var_ranges, defaulting to unknown range.
[rank0]:W0913 19:07:53.564000 140463056794624 torch/fx/experimental/symbolic_shapes.py:4449] [1/1] ps1 is not in var_ranges, defaulting to unknown range.
[rank0]:W0913 19:07:56.819000 140463056794624 torch/fx/experimental/symbolic_shapes.py:4449] [1/2] xindex is not in var_ranges, defaulting to unknown range.
[rank0]:W0913 19:07:56.872000 140463056794624 torch/fx/experimental/symbolic_shapes.py:4449] [1/2] xindex is not in var_ranges, defaulting to unknown range.
[rank0]:W0913 19:08:19.419000 140463056794624 torch/fx/experimental/symbolic_shapes.py:4449] [1/3] ps0 is not in var_ranges, defaulting to unknown range.
[rank0]:W0913 19:08:19.517000 140463056794624 torch/fx/experimental/symbolic_shapes.py:4449] [1/3] ps1 is not in var_ranges, defaulting to unknown range.
measured 4/4 cells
WARNING: this run used a narrowed grid, so it is a plumbing check and not the pre-registered GATE A measurement
payload_sha256 d7acf3f8bc2a77424b4de408db7b9d1d7ac1eabb726acad7e55e3d34d2141de8
=== graph-ctx40960 ===
[rank0]:W0913 19:10:04.632000 139752842294272 torch/fx/experimental/symbolic_shapes.py:4449] [1/0] ps0 is not in var_ranges, defaulting to unknown range.
[rank0]:W0913 19:10:04.753000 139752842294272 torch/fx/experimental/symbolic_shapes.py:4449] [1/0] ps1 is not in var_ranges, defaulting to unknown range.
[rank0]:W0913 19:10:35.593000 139752842294272 torch/fx/experimental/symbolic_shapes.py:4449] [1/1] ps0 is not in var_ranges, defaulting to unknown range.
[rank0]:W0913 19:10:35.774000 139752842294272 torch/fx/experimental/symbolic_shapes.py:4449] [1/1] ps1 is not in var_ranges, defaulting to unknown range.
[rank0]:W0913 19:10:39.648000 139752842294272 torch/fx/experimental/symbolic_shapes.py:4449] [1/2] xindex is not in var_ranges, defaulting to unknown range.
[rank0]:W0913 19:10:39.711000 139752842294272 torch/fx/experimental/symbolic_shapes.py:4449] [1/2] xindex is not in var_ranges, defaulting to unknown range.
measured 0/3 cells
WARNING: this run used a narrowed grid, so it is a plumbing check and not the pre-registered GATE A measurement
payload_sha256 3706ad5ac265841814b5efed1b7e2c325e004c2689fcce04f9114369e8433012
