=== msgraph-ctx2048 ===
[rank0]:W0914 23:36:01.566000 140168596116480 torch/fx/experimental/symbolic_shapes.py:4449] [1/0] ps0 is not in var_ranges, defaulting to unknown range.
[rank0]:W0914 23:36:01.687000 140168596116480 torch/fx/experimental/symbolic_shapes.py:4449] [1/0] ps1 is not in var_ranges, defaulting to unknown range.
[rank0]:W0914 23:36:32.388000 140168596116480 torch/fx/experimental/symbolic_shapes.py:4449] [1/1] xindex is not in var_ranges, defaulting to unknown range.
[rank0]:W0914 23:36:32.440000 140168596116480 torch/fx/experimental/symbolic_shapes.py:4449] [1/1] xindex is not in var_ranges, defaulting to unknown range.
[rank0]:W0914 23:36:55.374000 140168596116480 torch/fx/experimental/symbolic_shapes.py:4449] [1/2] ps0 is not in var_ranges, defaulting to unknown range.
[rank0]:W0914 23:36:55.499000 140168596116480 torch/fx/experimental/symbolic_shapes.py:4449] [1/2] ps1 is not in var_ranges, defaulting to unknown range.
[rank0]:W0914 23:37:25.245000 140168596116480 torch/fx/experimental/symbolic_shapes.py:4449] [1/3] ps0 is not in var_ranges, defaulting to unknown range.
[rank0]:W0914 23:37:25.345000 140168596116480 torch/fx/experimental/symbolic_shapes.py:4449] [1/3] ps1 is not in var_ranges, defaulting to unknown range.
measured 6/6 cells
WARNING: this run used a narrowed grid, so it is a plumbing check and not the pre-registered GATE A measurement
payload_sha256 a2c39bb91f3a21a52c724aef568c0b5c304157e48ec90c8c9aa8eeeb663a9b34
=== msgraph-ctx8192 ===
[rank0]:W0914 23:38:30.259000 140446237643776 torch/fx/experimental/symbolic_shapes.py:4449] [1/0] ps0 is not in var_ranges, defaulting to unknown range.
[rank0]:W0914 23:38:30.382000 140446237643776 torch/fx/experimental/symbolic_shapes.py:4449] [1/0] ps1 is not in var_ranges, defaulting to unknown range.
[rank0]:W0914 23:39:01.146000 140446237643776 torch/fx/experimental/symbolic_shapes.py:4449] [1/1] xindex is not in var_ranges, defaulting to unknown range.
[rank0]:W0914 23:39:01.200000 140446237643776 torch/fx/experimental/symbolic_shapes.py:4449] [1/1] xindex is not in var_ranges, defaulting to unknown range.
[rank0]:W0914 23:39:25.316000 140446237643776 torch/fx/experimental/symbolic_shapes.py:4449] [1/2] ps0 is not in var_ranges, defaulting to unknown range.
[rank0]:W0914 23:39:25.466000 140446237643776 torch/fx/experimental/symbolic_shapes.py:4449] [1/2] ps1 is not in var_ranges, defaulting to unknown range.
[rank0]:W0914 23:39:57.654000 140446237643776 torch/fx/experimental/symbolic_shapes.py:4449] [1/3] ps0 is not in var_ranges, defaulting to unknown range.
[rank0]:W0914 23:39:57.764000 140446237643776 torch/fx/experimental/symbolic_shapes.py:4449] [1/3] ps1 is not in var_ranges, defaulting to unknown range.
measured 5/5 cells
WARNING: this run used a narrowed grid, so it is a plumbing check and not the pre-registered GATE A measurement
payload_sha256 6dae292ee18eb0e1b01385166ce1133a51ed6b36177fa2c49651328a61176cf2
