[transformers] `torch_dtype` is deprecated! Use `dtype` instead!
[transformers] `torch_dtype` is deprecated! Use `dtype` instead!
[transformers] `torch_dtype` is deprecated! Use `dtype` instead!
[transformers] `torch_dtype` is deprecated! Use `dtype` instead!
libibverbs: Warning: couldn't load driver 'librxe-rdmav34.so': librxe-rdmav34.so: cannot open shared object file: No such file or directory
libibverbs: Warning: couldn't load driver 'libocrdma-rdmav34.so': libocrdma-rdmav34.so: cannot open shared object file: No such file or directory
libibverbs: Warning: couldn't load driver 'libcxgb4-rdmav34.so': libcxgb4-rdmav34.so: cannot open shared object file: No such file or directory
libibverbs: Warning: couldn't load driver 'libhns-rdmav34.so': libhns-rdmav34.so: cannot open shared object file: No such file or directory
libibverbs: Warning: couldn't load driver 'libbnxt_re-rdmav34.so': libbnxt_re-rdmav34.so: cannot open shared object file: No such file or directory
libibverbs: Warning: couldn't load driver 'libmlx4-rdmav34.so': libmlx4-rdmav34.so: cannot open shared object file: No such file or directory
libibverbs: Warning: couldn't load driver 'libvmw_pvrdma-rdmav34.so': libvmw_pvrdma-rdmav34.so: cannot open shared object file: No such file or directory
libibverbs: Warning: couldn't load driver 'libmthca-rdmav34.so': libmthca-rdmav34.so: cannot open shared object file: No such file or directory
libibverbs: Warning: couldn't load driver 'libhfi1verbs-rdmav34.so': libhfi1verbs-rdmav34.so: cannot open shared object file: No such file or directory
libibverbs: Warning: couldn't load driver 'libipathverbs-rdmav34.so': libipathverbs-rdmav34.so: cannot open shared object file: No such file or directory
libibverbs: Warning: couldn't load driver 'libqedr-rdmav34.so': libqedr-rdmav34.so: cannot open shared object file: No such file or directory
libibverbs: Warning: couldn't load driver 'librxe-rdmav34.so': librxe-rdmav34.so: cannot open shared object file: No such file or directory
libibverbs: Warning: couldn't load driver 'libocrdma-rdmav34.so': libocrdma-rdmav34.so: cannot open shared object file: No such file or directory
libibverbs: Warning: couldn't load driver 'libcxgb4-rdmav34.so': libcxgb4-rdmav34.so: cannot open shared object file: No such file or directory
libibverbs: Warning: couldn't load driver 'libhns-rdmav34.so': libhns-rdmav34.so: cannot open shared object file: No such file or directory
libibverbs: Warning: couldn't load driver 'libbnxt_re-rdmav34.so': libbnxt_re-rdmav34.so: cannot open shared object file: No such file or directory
libibverbs: Warning: couldn't load driver 'libmlx4-rdmav34.so': libmlx4-rdmav34.so: cannot open shared object file: No such file or directory
libibverbs: Warning: couldn't load driver 'libvmw_pvrdma-rdmav34.so': libvmw_pvrdma-rdmav34.so: cannot open shared object file: No such file or directory
libibverbs: Warning: couldn't load driver 'libmthca-rdmav34.so': libmthca-rdmav34.so: cannot open shared object file: No such file or directory
libibverbs: Warning: couldn't load driver 'libhfi1verbs-rdmav34.so': libhfi1verbs-rdmav34.so: cannot open shared object file: No such file or directory
libibverbs: Warning: couldn't load driver 'libipathverbs-rdmav34.so': libipathverbs-rdmav34.so: cannot open shared object file: No such file or directory
libibverbs: Warning: couldn't load driver 'libqedr-rdmav34.so': libqedr-rdmav34.so: cannot open shared object file: No such file or directory
libibverbs: Warning: couldn't load driver 'librxe-rdmav34.so': librxe-rdmav34.so: cannot open shared object file: No such file or directory
libibverbs: Warning: couldn't load driver 'libocrdma-rdmav34.so': libocrdma-rdmav34.so: cannot open shared object file: No such file or directory
libibverbs: Warning: couldn't load driver 'libcxgb4-rdmav34.so': libcxgb4-rdmav34.so: cannot open shared object file: No such file or directory
libibverbs: Warning: couldn't load driver 'libhns-rdmav34.so': libhns-rdmav34.so: cannot open shared object file: No such file or directory
libibverbs: Warning: couldn't load driver 'libbnxt_re-rdmav34.so': libbnxt_re-rdmav34.so: cannot open shared object file: No such file or directory
libibverbs: Warning: couldn't load driver 'libmlx4-rdmav34.so': libmlx4-rdmav34.so: cannot open shared object file: No such file or directory
libibverbs: Warning: couldn't load driver 'libvmw_pvrdma-rdmav34.so': libvmw_pvrdma-rdmav34.so: cannot open shared object file: No such file or directory
libibverbs: Warning: couldn't load driver 'libmthca-rdmav34.so': libmthca-rdmav34.so: cannot open shared object file: No such file or directory
libibverbs: Warning: couldn't load driver 'libhfi1verbs-rdmav34.so': libhfi1verbs-rdmav34.so: cannot open shared object file: No such file or directory
libibverbs: Warning: couldn't load driver 'libipathverbs-rdmav34.so': libipathverbs-rdmav34.so: cannot open shared object file: No such file or directory
libibverbs: Warning: couldn't load driver 'libqedr-rdmav34.so': libqedr-rdmav34.so: cannot open shared object file: No such file or directory
libibverbs: Warning: couldn't load driver 'librxe-rdmav34.so': librxe-rdmav34.so: cannot open shared object file: No such file or directory
libibverbs: Warning: couldn't load driver 'libocrdma-rdmav34.so': libocrdma-rdmav34.so: cannot open shared object file: No such file or directory
libibverbs: Warning: couldn't load driver 'libcxgb4-rdmav34.so': libcxgb4-rdmav34.so: cannot open shared object file: No such file or directory
libibverbs: Warning: couldn't load driver 'libhns-rdmav34.so': libhns-rdmav34.so: cannot open shared object file: No such file or directory
libibverbs: Warning: couldn't load driver 'libbnxt_re-rdmav34.so': libbnxt_re-rdmav34.so: cannot open shared object file: No such file or directory
libibverbs: Warning: couldn't load driver 'libmlx4-rdmav34.so': libmlx4-rdmav34.so: cannot open shared object file: No such file or directory
libibverbs: Warning: couldn't load driver 'libvmw_pvrdma-rdmav34.so': libvmw_pvrdma-rdmav34.so: cannot open shared object file: No such file or directory
libibverbs: Warning: couldn't load driver 'libmthca-rdmav34.so': libmthca-rdmav34.so: cannot open shared object file: No such file or directory
libibverbs: Warning: couldn't load driver 'libhfi1verbs-rdmav34.so': libhfi1verbs-rdmav34.so: cannot open shared object file: No such file or directory
libibverbs: Warning: couldn't load driver 'libipathverbs-rdmav34.so': libipathverbs-rdmav34.so: cannot open shared object file: No such file or directory
libibverbs: Warning: couldn't load driver 'libqedr-rdmav34.so': libqedr-rdmav34.so: cannot open shared object file: No such file or directory
[rank1]:[E814 12:20:12.729460595 ProcessGroupNCCL.cpp:607] [Rank 1] Watchdog caught collective operation timeout: WorkNCCL(SeqNum=133, OpType=BROADCAST, NumelIn=1, NumelOut=1, Timeout(ms)=600000) ran for 600010 milliseconds before timing out.
[rank1]:[E814 12:20:12.729547797 ProcessGroupNCCL.cpp:1664] [PG 0 (default_pg) Rank 1] Exception (either an error or timeout) detected by watchdog at work: 133, last enqueued NCCL work: 133, last completed NCCL work: 132.
[rank1]:[E814 12:20:12.729557766 ProcessGroupNCCL.cpp:1709] [PG 0 (default_pg) Rank 1] Timeout at NCCL work: 133, last enqueued NCCL work: 133, last completed NCCL work: 132.
[rank1]:[E814 12:20:12.729565841 ProcessGroupNCCL.cpp:621] [Rank 1] Some NCCL operations have failed or timed out. Due to the asynchronous nature of CUDA kernels, subsequent GPU operations might run on corrupted/incomplete data.
[rank1]:[E814 12:20:12.729573053 ProcessGroupNCCL.cpp:627] [Rank 1] To avoid data inconsistency, we are taking the entire process down.
[rank1]:[E814 12:20:12.736133417 ProcessGroupNCCL.cpp:1515] [PG 0 (default_pg) Rank 1] Process group watchdog thread terminated with exception: [Rank 1] Watchdog caught collective operation timeout: WorkNCCL(SeqNum=133, OpType=BROADCAST, NumelIn=1, NumelOut=1, Timeout(ms)=600000) ran for 600010 milliseconds before timing out.
Exception raised from checkTimeout at ../torch/csrc/distributed/c10d/ProcessGroupNCCL.cpp:609 (most recent call first):
frame #0: c10::Error::Error(c10::SourceLocation, std::string) + 0x96 (0x7f535fb0bf86 in /data00/home/sitian/sitian-workspace01/tllm/env/lib/python3.11/site-packages/torch/lib/libc10.so)
frame #1: c10d::ProcessGroupNCCL::WorkNCCL::checkTimeout(std::optional<std::chrono::duration<long, std::ratio<1l, 1000l> > >) + 0x1d2 (0x7f5360e088f2 in /data00/home/sitian/sitian-workspace01/tllm/env/lib/python3.11/site-packages/torch/lib/libtorch_cuda.so)
frame #2: c10d::ProcessGroupNCCL::watchdogHandler() + 0x233 (0x7f5360e0f333 in /data00/home/sitian/sitian-workspace01/tllm/env/lib/python3.11/site-packages/torch/lib/libtorch_cuda.so)
frame #3: c10d::ProcessGroupNCCL::ncclCommWatchdog() + 0x10c (0x7f5360e1171c in /data00/home/sitian/sitian-workspace01/tllm/env/lib/python3.11/site-packages/torch/lib/libtorch_cuda.so)
frame #4: <unknown function> + 0xbbb2f (0x7f5450642b2f in /usr/lib/x86_64-linux-gnu/libstdc++.so.6)
frame #5: <unknown function> + 0x7fa3 (0x7f545483afa3 in /usr/lib/x86_64-linux-gnu/libpthread.so.0)
frame #6: clone + 0x3f (0x7f54545df06f in /usr/lib/x86_64-linux-gnu/libc.so.6)

terminate called after throwing an instance of 'c10::DistBackendError'
  what():  [PG 0 (default_pg) Rank 1] Process group watchdog thread terminated with exception: [Rank 1] Watchdog caught collective operation timeout: WorkNCCL(SeqNum=133, OpType=BROADCAST, NumelIn=1, NumelOut=1, Timeout(ms)=600000) ran for 600010 milliseconds before timing out.
Exception raised from checkTimeout at ../torch/csrc/distributed/c10d/ProcessGroupNCCL.cpp:609 (most recent call first):
frame #0: c10::Error::Error(c10::SourceLocation, std::string) + 0x96 (0x7f535fb0bf86 in /data00/home/sitian/sitian-workspace01/tllm/env/lib/python3.11/site-packages/torch/lib/libc10.so)
frame #1: c10d::ProcessGroupNCCL::WorkNCCL::checkTimeout(std::optional<std::chrono::duration<long, std::ratio<1l, 1000l> > >) + 0x1d2 (0x7f5360e088f2 in /data00/home/sitian/sitian-workspace01/tllm/env/lib/python3.11/site-packages/torch/lib/libtorch_cuda.so)
frame #2: c10d::ProcessGroupNCCL::watchdogHandler() + 0x233 (0x7f5360e0f333 in /data00/home/sitian/sitian-workspace01/tllm/env/lib/python3.11/site-packages/torch/lib/libtorch_cuda.so)
frame #3: c10d::ProcessGroupNCCL::ncclCommWatchdog() + 0x10c (0x7f5360e1171c in /data00/home/sitian/sitian-workspace01/tllm/env/lib/python3.11/site-packages/torch/lib/libtorch_cuda.so)
frame #4: <unknown function> + 0xbbb2f (0x7f5450642b2f in /usr/lib/x86_64-linux-gnu/libstdc++.so.6)
frame #5: <unknown function> + 0x7fa3 (0x7f545483afa3 in /usr/lib/x86_64-linux-gnu/libpthread.so.0)
frame #6: clone + 0x3f (0x7f54545df06f in /usr/lib/x86_64-linux-gnu/libc.so.6)

Exception raised from ncclCommWatchdog at ../torch/csrc/distributed/c10d/ProcessGroupNCCL.cpp:1521 (most recent call first):
frame #0: c10::Error::Error(c10::SourceLocation, std::string) + 0x96 (0x7f535fb0bf86 in /data00/home/sitian/sitian-workspace01/tllm/env/lib/python3.11/site-packages/torch/lib/libc10.so)
frame #1: <unknown function> + 0xe5aa84 (0x7f5360a9aa84 in /data00/home/sitian/sitian-workspace01/tllm/env/lib/python3.11/site-packages/torch/lib/libtorch_cuda.so)
frame #2: <unknown function> + 0xbbb2f (0x7f5450642b2f in /usr/lib/x86_64-linux-gnu/libstdc++.so.6)
frame #3: <unknown function> + 0x7fa3 (0x7f545483afa3 in /usr/lib/x86_64-linux-gnu/libpthread.so.0)
frame #4: clone + 0x3f (0x7f54545df06f in /usr/lib/x86_64-linux-gnu/libc.so.6)

[rank2]:[E814 12:20:12.736761937 ProcessGroupNCCL.cpp:607] [Rank 2] Watchdog caught collective operation timeout: WorkNCCL(SeqNum=133, OpType=BROADCAST, NumelIn=1, NumelOut=1, Timeout(ms)=600000) ran for 600018 milliseconds before timing out.
[rank2]:[E814 12:20:12.736821771 ProcessGroupNCCL.cpp:1664] [PG 0 (default_pg) Rank 2] Exception (either an error or timeout) detected by watchdog at work: 133, last enqueued NCCL work: 133, last completed NCCL work: 132.
[rank2]:[E814 12:20:12.736830430 ProcessGroupNCCL.cpp:1709] [PG 0 (default_pg) Rank 2] Timeout at NCCL work: 133, last enqueued NCCL work: 133, last completed NCCL work: 132.
[rank2]:[E814 12:20:12.736837215 ProcessGroupNCCL.cpp:621] [Rank 2] Some NCCL operations have failed or timed out. Due to the asynchronous nature of CUDA kernels, subsequent GPU operations might run on corrupted/incomplete data.
[rank2]:[E814 12:20:12.736858809 ProcessGroupNCCL.cpp:627] [Rank 2] To avoid data inconsistency, we are taking the entire process down.
[rank2]:[E814 12:20:12.738284450 ProcessGroupNCCL.cpp:1515] [PG 0 (default_pg) Rank 2] Process group watchdog thread terminated with exception: [Rank 2] Watchdog caught collective operation timeout: WorkNCCL(SeqNum=133, OpType=BROADCAST, NumelIn=1, NumelOut=1, Timeout(ms)=600000) ran for 600018 milliseconds before timing out.
Exception raised from checkTimeout at ../torch/csrc/distributed/c10d/ProcessGroupNCCL.cpp:609 (most recent call first):
frame #0: c10::Error::Error(c10::SourceLocation, std::string) + 0x96 (0x7f304de0ef86 in /data00/home/sitian/sitian-workspace01/tllm/env/lib/python3.11/site-packages/torch/lib/libc10.so)
frame #1: c10d::ProcessGroupNCCL::WorkNCCL::checkTimeout(std::optional<std::chrono::duration<long, std::ratio<1l, 1000l> > >) + 0x1d2 (0x7f304f10b8f2 in /data00/home/sitian/sitian-workspace01/tllm/env/lib/python3.11/site-packages/torch/lib/libtorch_cuda.so)
frame #2: c10d::ProcessGroupNCCL::watchdogHandler() + 0x233 (0x7f304f112333 in /data00/home/sitian/sitian-workspace01/tllm/env/lib/python3.11/site-packages/torch/lib/libtorch_cuda.so)
frame #3: c10d::ProcessGroupNCCL::ncclCommWatchdog() + 0x10c (0x7f304f11471c in /data00/home/sitian/sitian-workspace01/tllm/env/lib/python3.11/site-packages/torch/lib/libtorch_cuda.so)
frame #4: <unknown function> + 0xbbb2f (0x7f313e945b2f in /usr/lib/x86_64-linux-gnu/libstdc++.so.6)
frame #5: <unknown function> + 0x7fa3 (0x7f3142b3bfa3 in /usr/lib/x86_64-linux-gnu/libpthread.so.0)
frame #6: clone + 0x3f (0x7f31428e006f in /usr/lib/x86_64-linux-gnu/libc.so.6)

terminate called after throwing an instance of 'c10::DistBackendError'
  what():  [PG 0 (default_pg) Rank 2] Process group watchdog thread terminated with exception: [Rank 2] Watchdog caught collective operation timeout: WorkNCCL(SeqNum=133, OpType=BROADCAST, NumelIn=1, NumelOut=1, Timeout(ms)=600000) ran for 600018 milliseconds before timing out.
Exception raised from checkTimeout at ../torch/csrc/distributed/c10d/ProcessGroupNCCL.cpp:609 (most recent call first):
frame #0: c10::Error::Error(c10::SourceLocation, std::string) + 0x96 (0x7f304de0ef86 in /data00/home/sitian/sitian-workspace01/tllm/env/lib/python3.11/site-packages/torch/lib/libc10.so)
frame #1: c10d::ProcessGroupNCCL::WorkNCCL::checkTimeout(std::optional<std::chrono::duration<long, std::ratio<1l, 1000l> > >) + 0x1d2 (0x7f304f10b8f2 in /data00/home/sitian/sitian-workspace01/tllm/env/lib/python3.11/site-packages/torch/lib/libtorch_cuda.so)
frame #2: c10d::ProcessGroupNCCL::watchdogHandler() + 0x233 (0x7f304f112333 in /data00/home/sitian/sitian-workspace01/tllm/env/lib/python3.11/site-packages/torch/lib/libtorch_cuda.so)
frame #3: c10d::ProcessGroupNCCL::ncclCommWatchdog() + 0x10c (0x7f304f11471c in /data00/home/sitian/sitian-workspace01/tllm/env/lib/python3.11/site-packages/torch/lib/libtorch_cuda.so)
frame #4: <unknown function> + 0xbbb2f (0x7f313e945b2f in /usr/lib/x86_64-linux-gnu/libstdc++.so.6)
frame #5: <unknown function> + 0x7fa3 (0x7f3142b3bfa3 in /usr/lib/x86_64-linux-gnu/libpthread.so.0)
frame #6: clone + 0x3f (0x7f31428e006f in /usr/lib/x86_64-linux-gnu/libc.so.6)

Exception raised from ncclCommWatchdog at ../torch/csrc/distributed/c10d/ProcessGroupNCCL.cpp:1521 (most recent call first):
frame #0: c10::Error::Error(c10::SourceLocation, std::string) + 0x96 (0x7f304de0ef86 in /data00/home/sitian/sitian-workspace01/tllm/env/lib/python3.11/site-packages/torch/lib/libc10.so)
frame #1: <unknown function> + 0xe5aa84 (0x7f304ed9da84 in /data00/home/sitian/sitian-workspace01/tllm/env/lib/python3.11/site-packages/torch/lib/libtorch_cuda.so)
frame #2: <unknown function> + 0xbbb2f (0x7f313e945b2f in /usr/lib/x86_64-linux-gnu/libstdc++.so.6)
frame #3: <unknown function> + 0x7fa3 (0x7f3142b3bfa3 in /usr/lib/x86_64-linux-gnu/libpthread.so.0)
frame #4: clone + 0x3f (0x7f31428e006f in /usr/lib/x86_64-linux-gnu/libc.so.6)

[rank3]:[E814 12:20:12.814193456 ProcessGroupNCCL.cpp:607] [Rank 3] Watchdog caught collective operation timeout: WorkNCCL(SeqNum=133, OpType=BROADCAST, NumelIn=1, NumelOut=1, Timeout(ms)=600000) ran for 600099 milliseconds before timing out.
[rank3]:[E814 12:20:12.814257903 ProcessGroupNCCL.cpp:1664] [PG 0 (default_pg) Rank 3] Exception (either an error or timeout) detected by watchdog at work: 133, last enqueued NCCL work: 133, last completed NCCL work: 132.
[rank3]:[E814 12:20:12.814265163 ProcessGroupNCCL.cpp:1709] [PG 0 (default_pg) Rank 3] Timeout at NCCL work: 133, last enqueued NCCL work: 133, last completed NCCL work: 132.
[rank3]:[E814 12:20:12.814270148 ProcessGroupNCCL.cpp:621] [Rank 3] Some NCCL operations have failed or timed out. Due to the asynchronous nature of CUDA kernels, subsequent GPU operations might run on corrupted/incomplete data.
[rank3]:[E814 12:20:12.814277441 ProcessGroupNCCL.cpp:627] [Rank 3] To avoid data inconsistency, we are taking the entire process down.
[rank3]:[E814 12:20:12.815708360 ProcessGroupNCCL.cpp:1515] [PG 0 (default_pg) Rank 3] Process group watchdog thread terminated with exception: [Rank 3] Watchdog caught collective operation timeout: WorkNCCL(SeqNum=133, OpType=BROADCAST, NumelIn=1, NumelOut=1, Timeout(ms)=600000) ran for 600099 milliseconds before timing out.
Exception raised from checkTimeout at ../torch/csrc/distributed/c10d/ProcessGroupNCCL.cpp:609 (most recent call first):
frame #0: c10::Error::Error(c10::SourceLocation, std::string) + 0x96 (0x7f6c89f68f86 in /data00/home/sitian/sitian-workspace01/tllm/env/lib/python3.11/site-packages/torch/lib/libc10.so)
frame #1: c10d::ProcessGroupNCCL::WorkNCCL::checkTimeout(std::optional<std::chrono::duration<long, std::ratio<1l, 1000l> > >) + 0x1d2 (0x7f6c8b2658f2 in /data00/home/sitian/sitian-workspace01/tllm/env/lib/python3.11/site-packages/torch/lib/libtorch_cuda.so)
frame #2: c10d::ProcessGroupNCCL::watchdogHandler() + 0x233 (0x7f6c8b26c333 in /data00/home/sitian/sitian-workspace01/tllm/env/lib/python3.11/site-packages/torch/lib/libtorch_cuda.so)
frame #3: c10d::ProcessGroupNCCL::ncclCommWatchdog() + 0x10c (0x7f6c8b26e71c in /data00/home/sitian/sitian-workspace01/tllm/env/lib/python3.11/site-packages/torch/lib/libtorch_cuda.so)
frame #4: <unknown function> + 0xbbb2f (0x7f6d7aa9fb2f in /usr/lib/x86_64-linux-gnu/libstdc++.so.6)
frame #5: <unknown function> + 0x7fa3 (0x7f6d7ec95fa3 in /usr/lib/x86_64-linux-gnu/libpthread.so.0)
frame #6: clone + 0x3f (0x7f6d7ea3a06f in /usr/lib/x86_64-linux-gnu/libc.so.6)

terminate called after throwing an instance of 'c10::DistBackendError'
  what():  [PG 0 (default_pg) Rank 3] Process group watchdog thread terminated with exception: [Rank 3] Watchdog caught collective operation timeout: WorkNCCL(SeqNum=133, OpType=BROADCAST, NumelIn=1, NumelOut=1, Timeout(ms)=600000) ran for 600099 milliseconds before timing out.
Exception raised from checkTimeout at ../torch/csrc/distributed/c10d/ProcessGroupNCCL.cpp:609 (most recent call first):
frame #0: c10::Error::Error(c10::SourceLocation, std::string) + 0x96 (0x7f6c89f68f86 in /data00/home/sitian/sitian-workspace01/tllm/env/lib/python3.11/site-packages/torch/lib/libc10.so)
frame #1: c10d::ProcessGroupNCCL::WorkNCCL::checkTimeout(std::optional<std::chrono::duration<long, std::ratio<1l, 1000l> > >) + 0x1d2 (0x7f6c8b2658f2 in /data00/home/sitian/sitian-workspace01/tllm/env/lib/python3.11/site-packages/torch/lib/libtorch_cuda.so)
frame #2: c10d::ProcessGroupNCCL::watchdogHandler() + 0x233 (0x7f6c8b26c333 in /data00/home/sitian/sitian-workspace01/tllm/env/lib/python3.11/site-packages/torch/lib/libtorch_cuda.so)
frame #3: c10d::ProcessGroupNCCL::ncclCommWatchdog() + 0x10c (0x7f6c8b26e71c in /data00/home/sitian/sitian-workspace01/tllm/env/lib/python3.11/site-packages/torch/lib/libtorch_cuda.so)
frame #4: <unknown function> + 0xbbb2f (0x7f6d7aa9fb2f in /usr/lib/x86_64-linux-gnu/libstdc++.so.6)
frame #5: <unknown function> + 0x7fa3 (0x7f6d7ec95fa3 in /usr/lib/x86_64-linux-gnu/libpthread.so.0)
frame #6: clone + 0x3f (0x7f6d7ea3a06f in /usr/lib/x86_64-linux-gnu/libc.so.6)

Exception raised from ncclCommWatchdog at ../torch/csrc/distributed/c10d/ProcessGroupNCCL.cpp:1521 (most recent call first):
frame #0: c10::Error::Error(c10::SourceLocation, std::string) + 0x96 (0x7f6c89f68f86 in /data00/home/sitian/sitian-workspace01/tllm/env/lib/python3.11/site-packages/torch/lib/libc10.so)
frame #1: <unknown function> + 0xe5aa84 (0x7f6c8aef7a84 in /data00/home/sitian/sitian-workspace01/tllm/env/lib/python3.11/site-packages/torch/lib/libtorch_cuda.so)
frame #2: <unknown function> + 0xbbb2f (0x7f6d7aa9fb2f in /usr/lib/x86_64-linux-gnu/libstdc++.so.6)
frame #3: <unknown function> + 0x7fa3 (0x7f6d7ec95fa3 in /usr/lib/x86_64-linux-gnu/libpthread.so.0)
frame #4: clone + 0x3f (0x7f6d7ea3a06f in /usr/lib/x86_64-linux-gnu/libc.so.6)

[rank0]:[E814 12:21:12.797290703 ProcessGroupNCCL.cpp:607] [Rank 0] Watchdog caught collective operation timeout: WorkNCCL(SeqNum=133, OpType=ALLREDUCE, NumelIn=1, NumelOut=1, Timeout(ms)=600000) ran for 600038 milliseconds before timing out.
[rank0]:[E814 12:21:12.797436262 ProcessGroupNCCL.cpp:1664] [PG 0 (default_pg) Rank 0] Exception (either an error or timeout) detected by watchdog at work: 133, last enqueued NCCL work: 133, last completed NCCL work: 132.
[rank0]:[E814 12:21:12.797445219 ProcessGroupNCCL.cpp:1709] [PG 0 (default_pg) Rank 0] Timeout at NCCL work: 133, last enqueued NCCL work: 133, last completed NCCL work: 132.
[rank0]:[E814 12:21:12.797450165 ProcessGroupNCCL.cpp:621] [Rank 0] Some NCCL operations have failed or timed out. Due to the asynchronous nature of CUDA kernels, subsequent GPU operations might run on corrupted/incomplete data.
[rank0]:[E814 12:21:12.797457864 ProcessGroupNCCL.cpp:627] [Rank 0] To avoid data inconsistency, we are taking the entire process down.
[rank0]:[E814 12:21:12.798904613 ProcessGroupNCCL.cpp:1515] [PG 0 (default_pg) Rank 0] Process group watchdog thread terminated with exception: [Rank 0] Watchdog caught collective operation timeout: WorkNCCL(SeqNum=133, OpType=ALLREDUCE, NumelIn=1, NumelOut=1, Timeout(ms)=600000) ran for 600038 milliseconds before timing out.
Exception raised from checkTimeout at ../torch/csrc/distributed/c10d/ProcessGroupNCCL.cpp:609 (most recent call first):
frame #0: c10::Error::Error(c10::SourceLocation, std::string) + 0x96 (0x7f601b716f86 in /data00/home/sitian/sitian-workspace01/tllm/env/lib/python3.11/site-packages/torch/lib/libc10.so)
frame #1: c10d::ProcessGroupNCCL::WorkNCCL::checkTimeout(std::optional<std::chrono::duration<long, std::ratio<1l, 1000l> > >) + 0x1d2 (0x7f601ca138f2 in /data00/home/sitian/sitian-workspace01/tllm/env/lib/python3.11/site-packages/torch/lib/libtorch_cuda.so)
frame #2: c10d::ProcessGroupNCCL::watchdogHandler() + 0x233 (0x7f601ca1a333 in /data00/home/sitian/sitian-workspace01/tllm/env/lib/python3.11/site-packages/torch/lib/libtorch_cuda.so)
frame #3: c10d::ProcessGroupNCCL::ncclCommWatchdog() + 0x10c (0x7f601ca1c71c in /data00/home/sitian/sitian-workspace01/tllm/env/lib/python3.11/site-packages/torch/lib/libtorch_cuda.so)
frame #4: <unknown function> + 0xbbb2f (0x7f606a172b2f in /usr/lib/x86_64-linux-gnu/libstdc++.so.6)
frame #5: <unknown function> + 0x7fa3 (0x7f606c689fa3 in /usr/lib/x86_64-linux-gnu/libpthread.so.0)
frame #6: clone + 0x3f (0x7f606c42e06f in /usr/lib/x86_64-linux-gnu/libc.so.6)

terminate called after throwing an instance of 'c10::DistBackendError'
  what():  [PG 0 (default_pg) Rank 0] Process group watchdog thread terminated with exception: [Rank 0] Watchdog caught collective operation timeout: WorkNCCL(SeqNum=133, OpType=ALLREDUCE, NumelIn=1, NumelOut=1, Timeout(ms)=600000) ran for 600038 milliseconds before timing out.
Exception raised from checkTimeout at ../torch/csrc/distributed/c10d/ProcessGroupNCCL.cpp:609 (most recent call first):
frame #0: c10::Error::Error(c10::SourceLocation, std::string) + 0x96 (0x7f601b716f86 in /data00/home/sitian/sitian-workspace01/tllm/env/lib/python3.11/site-packages/torch/lib/libc10.so)
frame #1: c10d::ProcessGroupNCCL::WorkNCCL::checkTimeout(std::optional<std::chrono::duration<long, std::ratio<1l, 1000l> > >) + 0x1d2 (0x7f601ca138f2 in /data00/home/sitian/sitian-workspace01/tllm/env/lib/python3.11/site-packages/torch/lib/libtorch_cuda.so)
frame #2: c10d::ProcessGroupNCCL::watchdogHandler() + 0x233 (0x7f601ca1a333 in /data00/home/sitian/sitian-workspace01/tllm/env/lib/python3.11/site-packages/torch/lib/libtorch_cuda.so)
frame #3: c10d::ProcessGroupNCCL::ncclCommWatchdog() + 0x10c (0x7f601ca1c71c in /data00/home/sitian/sitian-workspace01/tllm/env/lib/python3.11/site-packages/torch/lib/libtorch_cuda.so)
frame #4: <unknown function> + 0xbbb2f (0x7f606a172b2f in /usr/lib/x86_64-linux-gnu/libstdc++.so.6)
frame #5: <unknown function> + 0x7fa3 (0x7f606c689fa3 in /usr/lib/x86_64-linux-gnu/libpthread.so.0)
frame #6: clone + 0x3f (0x7f606c42e06f in /usr/lib/x86_64-linux-gnu/libc.so.6)

Exception raised from ncclCommWatchdog at ../torch/csrc/distributed/c10d/ProcessGroupNCCL.cpp:1521 (most recent call first):
frame #0: c10::Error::Error(c10::SourceLocation, std::string) + 0x96 (0x7f601b716f86 in /data00/home/sitian/sitian-workspace01/tllm/env/lib/python3.11/site-packages/torch/lib/libc10.so)
frame #1: <unknown function> + 0xe5aa84 (0x7f601c6a5a84 in /data00/home/sitian/sitian-workspace01/tllm/env/lib/python3.11/site-packages/torch/lib/libtorch_cuda.so)
frame #2: <unknown function> + 0xbbb2f (0x7f606a172b2f in /usr/lib/x86_64-linux-gnu/libstdc++.so.6)
frame #3: <unknown function> + 0x7fa3 (0x7f606c689fa3 in /usr/lib/x86_64-linux-gnu/libpthread.so.0)
frame #4: clone + 0x3f (0x7f606c42e06f in /usr/lib/x86_64-linux-gnu/libc.so.6)

/data00/home/sitian/sitian-workspace01/tllm/env/lib/python3.11/multiprocessing/resource_tracker.py:254: UserWarning: resource_tracker: There appear to be 15 leaked semaphore objects to clean up at shutdown
  warnings.warn('resource_tracker: There appear to be %d '
/data00/home/sitian/sitian-workspace01/tllm/env/lib/python3.11/multiprocessing/resource_tracker.py:254: UserWarning: resource_tracker: There appear to be 1 leaked shared_memory objects to clean up at shutdown
  warnings.warn('resource_tracker: There appear to be %d '
